// Jest Snapshot v1, https://goo.gl/fbAQLP

exports[`renders styles accordingly 1`] = `
<div>
  <div
    class="App"
  >
    <div
      class="App"
    >
      <form>
        <div>
          <label
            for="firstName"
          >
            First Name*
          </label>
          <input
            id="firstName"
            name="firstName"
            placeholder="Edd"
          />
        </div>
        <div>
          <label
            for="lastName"
          >
            Last Name*
          </label>
          <input
            id="lastName"
            name="lastName"
            placeholder="Burke"
          />
        </div>
        <div>
          <label
            for="email"
          >
            Email*
          </label>
          <input
            id="lastName"
            name="email"
            placeholder="bluebill1049@hotmail.com"
          />
        </div>
        <div>
          <label
            for="message"
          >
            Message
          </label>
          <textarea
            id="message"
            name="message"
          />
        </div>
        <input
          type="submit"
        />
      </form>
    </div>
  </div>
</div>
`;
